Godot Engine v4.3.stable.official.77dcf97d8 - https://godotengine.org

[AUTOTEST] start mode=offline
SCRIPT ERROR: Parse Error: Identifier "tire" not declared in the current scope.
          at: GDScript::reload (res://br/vehicle.gd:121)
SCRIPT ERROR: Parse Error: Identifier "body_c" not declared in the current scope.
          at: GDScript::reload (res://br/vehicle.gd:140)
ERROR: Failed to load script "res://br/vehicle.gd" with error "Parse error".
   at: load (modules/gdscript/gdscript.cpp:2936)
SCRIPT ERROR: Parse Error: Could not resolve class "res://br/vehicle.gd".
          at: GDScript::reload (res://br/npc_car.gd:1)
ERROR: Failed to load script "res://br/npc_car.gd" with error "Parse error".
   at: load (modules/gdscript/gdscript.cpp:2936)
SCRIPT ERROR: Invalid access to property or key 'x' on a base object of type 'Dictionary'.
          at: _yard_point (res://br/city_builder.gd:566)
SCRIPT ERROR: Invalid access to property or key 'x' on a base object of type 'Dictionary'.
          at: _yard_point (res://br/city_builder.gd:566)
SCRIPT ERROR: Invalid access to property or key 'x' on a base object of type 'Dictionary'.
          at: _yard_point (res://br/city_builder.gd:566)
SCRIPT ERROR: Invalid access to property or key 'x' on a base object of type 'Dictionary'.
          at: _yard_point (res://br/city_builder.gd:566)
SCRIPT ERROR: Invalid access to property or key 'x' on a base object of type 'Dictionary'.
          at: _yard_point (res://br/city_builder.gd:566)
SCRIPT ERROR: Invalid access to property or key 'x' on a base object of type 'Dictionary'.
          at: _yard_point (res://br/city_builder.gd:566)
SCRIPT ERROR: Invalid access to property or key 'x' on a base object of type 'Dictionary'.
          at: _yard_point (res://br/city_builder.gd:566)
SCRIPT ERROR: Invalid access to property or key 'x' on a base object of type 'Dictionary'.
          at: _yard_point (res://br/city_builder.gd:566)
SCRIPT ERROR: Invalid access to property or key 'x' on a base object of type 'Dictionary'.
          at: _yard_point (res://br/city_builder.gd:566)
SCRIPT ERROR: Invalid access to property or key 'x' on a base object of type 'Dictionary'.
          at: _yard_point (res://br/city_builder.gd:566)
SCRIPT ERROR: Invalid access to property or key 'x' on a base object of type 'Dictionary'.
          at: _yard_point (res://br/city_builder.gd:566)
SCRIPT ERROR: Invalid access to property or key 'x' on a base object of type 'Dictionary'.
          at: _yard_point (res://br/city_builder.gd:566)
SCRIPT ERROR: Invalid access to property or key 'x' on a base object of type 'Dictionary'.
          at: _yard_point (res://br/city_builder.gd:566)
SCRIPT ERROR: Invalid access to property or key 'x' on a base object of type 'Dictionary'.
          at: _yard_point (res://br/city_builder.gd:566)
SCRIPT ERROR: Invalid access to property or key 'x' on a base object of type 'Dictionary'.
          at: _yard_point (res://br/city_builder.gd:566)
SCRIPT ERROR: Invalid access to property or key 'x' on a base object of type 'Dictionary'.
          at: _yard_point (res://br/city_builder.gd:566)
SCRIPT ERROR: Invalid access to property or key 'x' on a base object of type 'Dictionary'.
          at: _yard_point (res://br/city_builder.gd:566)
SCRIPT ERROR: Invalid access to property or key 'x' on a base object of type 'Dictionary'.
          at: _yard_point (res://br/city_builder.gd:566)
SCRIPT ERROR: Invalid access to property or key 'x' on a base object of type 'Dictionary'.
          at: _yard_point (res://br/city_builder.gd:566)
SCRIPT ERROR: Invalid access to property or key 'x' on a base object of type 'Dictionary'.
          at: _yard_point (res://br/city_builder.gd:566)
SCRIPT ERROR: Invalid access to property or key 'x' on a base object of type 'Dictionary'.
          at: _yard_point (res://br/city_builder.gd:566)
SCRIPT ERROR: Invalid access to property or key 'x' on a base object of type 'Dictionary'.
          at: _yard_point (res://br/city_builder.gd:566)
SCRIPT ERROR: Invalid access to property or key 'x' on a base object of type 'Dictionary'.
          at: _yard_point (res://br/city_builder.gd:566)
SCRIPT ERROR: Invalid access to property or key 'x' on a base object of type 'Dictionary'.
          at: _yard_point (res://br/city_builder.gd:566)
SCRIPT ERROR: Invalid access to property or key 'x' on a base object of type 'Dictionary'.
          at: _yard_point (res://br/city_builder.gd:566)
SCRIPT ERROR: Invalid access to property or key 'x' on a base object of type 'Dictionary'.
          at: _yard_point (res://br/city_builder.gd:566)
SCRIPT ERROR: Invalid access to property or key 'x' on a base object of type 'Dictionary'.
          at: _yard_point (res://br/city_builder.gd:566)
SCRIPT ERROR: Invalid access to property or key 'x' on a base object of type 'Dictionary'.
          at: _yard_point (res://br/city_builder.gd:566)
SCRIPT ERROR: Invalid access to property or key 'x' on a base object of type 'Dictionary'.
          at: _yard_point (res://br/city_builder.gd:566)
SCRIPT ERROR: Invalid access to property or key 'x' on a base object of type 'Dictionary'.
          at: _yard_point (res://br/city_builder.gd:566)
SCRIPT ERROR: Invalid access to property or key 'x' on a base object of type 'Dictionary'.
          at: _yard_point (res://br/city_builder.gd:566)
SCRIPT ERROR: Invalid access to property or key 'x' on a base object of type 'Dictionary'.
          at: _yard_point (res://br/city_builder.gd:566)
SCRIPT ERROR: Invalid access to property or key 'x' on a base object of type 'Dictionary'.
          at: _yard_point (res://br/city_builder.gd:566)
SCRIPT ERROR: Invalid access to property or key 'x' on a base object of type 'Dictionary'.
          at: _yard_point (res://br/city_builder.gd:566)
SCRIPT ERROR: Invalid access to property or key 'x' on a base object of type 'Dictionary'.
          at: _yard_point (res://br/city_builder.gd:566)
SCRIPT ERROR: Invalid access to property or key 'x' on a base object of type 'Dictionary'.
          at: _yard_point (res://br/city_builder.gd:566)
SCRIPT ERROR: Invalid access to property or key 'x' on a base object of type 'Dictionary'.
          at: _yard_point (res://br/city_builder.gd:566)
SCRIPT ERROR: Invalid access to property or key 'x' on a base object of type 'Dictionary'.
          at: _yard_point (res://br/city_builder.gd:566)
SCRIPT ERROR: Invalid access to property or key 'x' on a base object of type 'Dictionary'.
          at: _yard_point (res://br/city_builder.gd:566)
SCRIPT ERROR: Invalid access to property or key 'x' on a base object of type 'Dictionary'.
          at: _yard_point (res://br/city_builder.gd:566)
SCRIPT ERROR: Invalid access to property or key 'x' on a base object of type 'Dictionary'.
          at: _yard_point (res://br/city_builder.gd:566)
SCRIPT ERROR: Invalid access to property or key 'x' on a base object of type 'Dictionary'.
          at: _yard_point (res://br/city_builder.gd:566)
SCRIPT ERROR: Invalid access to property or key 'x' on a base object of type 'Dictionary'.
          at: _yard_point (res://br/city_builder.gd:566)
SCRIPT ERROR: Invalid access to property or key 'x' on a base object of type 'Dictionary'.
          at: _yard_point (res://br/city_builder.gd:566)
SCRIPT ERROR: Invalid access to property or key 'x' on a base object of type 'Dictionary'.
          at: _yard_point (res://br/city_builder.gd:566)
SCRIPT ERROR: Invalid access to property or key 'x' on a base object of type 'Dictionary'.
          at: _yard_point (res://br/city_builder.gd:566)
SCRIPT ERROR: Invalid access to property or key 'x' on a base object of type 'Dictionary'.
          at: _yard_point (res://br/city_builder.gd:566)
SCRIPT ERROR: Invalid access to property or key 'x' on a base object of type 'Dictionary'.
          at: _yard_point (res://br/city_builder.gd:566)
SCRIPT ERROR: Invalid access to property or key 'x' on a base object of type 'Dictionary'.
          at: _yard_point (res://br/city_builder.gd:566)
SCRIPT ERROR: Invalid access to property or key 'x' on a base object of type 'Dictionary'.
          at: _yard_point (res://br/city_builder.gd:566)
SCRIPT ERROR: Invalid access to property or key 'x' on a base object of type 'Dictionary'.
          at: _yard_point (res://br/city_builder.gd:566)
SCRIPT ERROR: Invalid access to property or key 'x' on a base object of type 'Dictionary'.
          at: _yard_point (res://br/city_builder.gd:566)
SCRIPT ERROR: Invalid access to property or key 'x' on a base object of type 'Dictionary'.
          at: _yard_point (res://br/city_builder.gd:566)
SCRIPT ERROR: Invalid access to property or key 'x' on a base object of type 'Dictionary'.
          at: _yard_point (res://br/city_builder.gd:566)
SCRIPT ERROR: Invalid access to property or key 'x' on a base object of type 'Dictionary'.
          at: _yard_point (res://br/city_builder.gd:566)
SCRIPT ERROR: Invalid access to property or key 'x' on a base object of type 'Dictionary'.
          at: _yard_point (res://br/city_builder.gd:566)
SCRIPT ERROR: Invalid access to property or key 'x' on a base object of type 'Dictionary'.
          at: _yard_point (res://br/city_builder.gd:566)
SCRIPT ERROR: Invalid access to property or key 'x' on a base object of type 'Dictionary'.
          at: _yard_point (res://br/city_builder.gd:566)
SCRIPT ERROR: Invalid access to property or key 'x' on a base object of type 'Dictionary'.
          at: _yard_point (res://br/city_builder.gd:566)
SCRIPT ERROR: Invalid access to property or key 'x' on a base object of type 'Dictionary'.
          at: _yard_point (res://br/city_builder.gd:566)
SCRIPT ERROR: Invalid access to property or key 'x' on a base object of type 'Dictionary'.
          at: _yard_point (res://br/city_builder.gd:566)
SCRIPT ERROR: Invalid access to property or key 'x' on a base object of type 'Dictionary'.
          at: _yard_point (res://br/city_builder.gd:566)
SCRIPT ERROR: Invalid access to property or key 'x' on a base object of type 'Dictionary'.
          at: _yard_point (res://br/city_builder.gd:566)
SCRIPT ERROR: Invalid access to property or key 'x' on a base object of type 'Dictionary'.
          at: _yard_point (res://br/city_builder.gd:566)
SCRIPT ERROR: Invalid access to property or key 'x' on a base object of type 'Dictionary'.
          at: _yard_point (res://br/city_builder.gd:566)
SCRIPT ERROR: Invalid access to property or key 'x' on a base object of type 'Dictionary'.
          at: _yard_point (res://br/city_builder.gd:566)
SCRIPT ERROR: Invalid access to property or key 'x' on a base object of type 'Dictionary'.
          at: _yard_point (res://br/city_builder.gd:566)
SCRIPT ERROR: Invalid access to property or key 'x' on a base object of type 'Dictionary'.
          at: _yard_point (res://br/city_builder.gd:566)
SCRIPT ERROR: Invalid access to property or key 'x' on a base object of type 'Dictionary'.
          at: _yard_point (res://br/city_builder.gd:566)
SCRIPT ERROR: Invalid access to property or key 'x' on a base object of type 'Dictionary'.
          at: _yard_point (res://br/city_builder.gd:566)
SCRIPT ERROR: Invalid access to property or key 'x' on a base object of type 'Dictionary'.
          at: _yard_point (res://br/city_builder.gd:566)
SCRIPT ERROR: Invalid access to property or key 'x' on a base object of type 'Dictionary'.
          at: _yard_point (res://br/city_builder.gd:566)
SCRIPT ERROR: Invalid access to property or key 'x' on a base object of type 'Dictionary'.
          at: _yard_point (res://br/city_builder.gd:566)
SCRIPT ERROR: Invalid access to property or key 'x' on a base object of type 'Dictionary'.
          at: _yard_point (res://br/city_builder.gd:566)
SCRIPT ERROR: Invalid access to property or key 'x' on a base object of type 'Dictionary'.
          at: _yard_point (res://br/city_builder.gd:566)
SCRIPT ERROR: Invalid access to property or key 'x' on a base object of type 'Dictionary'.
          at: _yard_point (res://br/city_builder.gd:566)
SCRIPT ERROR: Invalid access to property or key 'x' on a base object of type 'Dictionary'.
          at: _yard_point (res://br/city_builder.gd:566)
SCRIPT ERROR: Invalid access to property or key 'x' on a base object of type 'Dictionary'.
          at: _yard_point (res://br/city_builder.gd:566)
SCRIPT ERROR: Invalid access to property or key 'x' on a base object of type 'Dictionary'.
          at: _yard_point (res://br/city_builder.gd:566)
SCRIPT ERROR: Invalid access to property or key 'x' on a base object of type 'Dictionary'.
          at: _yard_point (res://br/city_builder.gd:566)
SCRIPT ERROR: Invalid access to property or key 'x' on a base object of type 'Dictionary'.
          at: _yard_point (res://br/city_builder.gd:566)
SCRIPT ERROR: Invalid access to property or key 'x' on a base object of type 'Dictionary'.
          at: _yard_point (res://br/city_builder.gd:566)
SCRIPT ERROR: Invalid access to property or key 'x' on a base object of type 'Dictionary'.
          at: _yard_point (res://br/city_builder.gd:566)
SCRIPT ERROR: Invalid access to property or key 'x' on a base object of type 'Dictionary'.
          at: _yard_point (res://br/city_builder.gd:566)
SCRIPT ERROR: Invalid access to property or key 'x' on a base object of type 'Dictionary'.
          at: _yard_point (res://br/city_builder.gd:566)
SCRIPT ERROR: Invalid access to property or key 'x' on a base object of type 'Dictionary'.
          at: _yard_point (res://br/city_builder.gd:566)
SCRIPT ERROR: Invalid access to property or key 'x' on a base object of type 'Dictionary'.
          at: _yard_point (res://br/city_builder.gd:566)
SCRIPT ERROR: Invalid access to property or key 'x' on a base object of type 'Dictionary'.
          at: _yard_point (res://br/city_builder.gd:566)
SCRIPT ERROR: Invalid access to property or key 'x' on a base object of type 'Dictionary'.
          at: _yard_point (res://br/city_builder.gd:566)
SCRIPT ERROR: Invalid access to property or key 'x' on a base object of type 'Dictionary'.
          at: _yard_point (res://br/city_builder.gd:566)
SCRIPT ERROR: Invalid access to property or key 'x' on a base object of type 'Dictionary'.
          at: _yard_point (res://br/city_builder.gd:566)
SCRIPT ERROR: Invalid access to property or key 'x' on a base object of type 'Dictionary'.
          at: _yard_point (res://br/city_builder.gd:566)
SCRIPT ERROR: Invalid access to property or key 'x' on a base object of type 'Dictionary'.
          at: _yard_point (res://br/city_builder.gd:566)
SCRIPT ERROR: Invalid access to property or key 'x' on a base object of type 'Dictionary'.
          at: _yard_point (res://br/city_builder.gd:566)
SCRIPT ERROR: Invalid access to property or key 'x' on a base object of type 'Dictionary'.
          at: _yard_point (res://br/city_builder.gd:566)
SCRIPT ERROR: Invalid access to property or key 'x' on a base object of type 'Dictionary'.
          at: _yard_point (res://br/city_builder.gd:566)
SCRIPT ERROR: Invalid access to property or key 'x' on a base object of type 'Dictionary'.
          at: _yard_point (res://br/city_builder.gd:566)
SCRIPT ERROR: Invalid access to property or key 'x' on a base object of type 'Dictionary'.
          at: _yard_point (res://br/city_builder.gd:566)
SCRIPT ERROR: Invalid access to property or key 'x' on a base object of type 'Dictionary'.
          at: _yard_point (res://br/city_builder.gd:566)
SCRIPT ERROR: Invalid access to property or key 'x' on a base object of type 'Dictionary'.
          at: _yard_point (res://br/city_builder.gd:566)
SCRIPT ERROR: Invalid access to property or key 'x' on a base object of type 'Dictionary'.
          at: _yard_point (res://br/city_builder.gd:566)
SCRIPT ERROR: Invalid access to property or key 'x' on a base object of type 'Dictionary'.
          at: _yard_point (res://br/city_builder.gd:566)
SCRIPT ERROR: Invalid access to property or key 'x' on a base object of type 'Dictionary'.
          at: _yard_point (res://br/city_builder.gd:566)
SCRIPT ERROR: Invalid access to property or key 'x' on a base object of type 'Dictionary'.
          at: _yard_point (res://br/city_builder.gd:566)
SCRIPT ERROR: Invalid access to property or key 'x' on a base object of type 'Dictionary'.
          at: _yard_point (res://br/city_builder.gd:566)
SCRIPT ERROR: Invalid access to property or key 'x' on a base object of type 'Dictionary'.
          at: _yard_point (res://br/city_builder.gd:566)
SCRIPT ERROR: Invalid access to property or key 'x' on a base object of type 'Dictionary'.
          at: _yard_point (res://br/city_builder.gd:566)
SCRIPT ERROR: Invalid access to property or key 'x' on a base object of type 'Dictionary'.
          at: _yard_point (res://br/city_builder.gd:566)
SCRIPT ERROR: Invalid access to property or key 'x' on a base object of type 'Dictionary'.
          at: _yard_point (res://br/city_builder.gd:566)
SCRIPT ERROR: Invalid access to property or key 'x' on a base object of type 'Dictionary'.
          at: _yard_point (res://br/city_builder.gd:566)
SCRIPT ERROR: Invalid access to property or key 'x' on a base object of type 'Dictionary'.
          at: _yard_point (res://br/city_builder.gd:566)
SCRIPT ERROR: Invalid access to property or key 'x' on a base object of type 'Dictionary'.
          at: _yard_point (res://br/city_builder.gd:566)
SCRIPT ERROR: Invalid access to property or key 'x' on a base object of type 'Dictionary'.
          at: _yard_point (res://br/city_builder.gd:566)
SCRIPT ERROR: Invalid access to property or key 'x' on a base object of type 'Dictionary'.
          at: _yard_point (res://br/city_builder.gd:566)
SCRIPT ERROR: Invalid access to property or key 'x' on a base object of type 'Dictionary'.
          at: _yard_point (res://br/city_builder.gd:566)
SCRIPT ERROR: Invalid access to property or key 'x' on a base object of type 'Dictionary'.
          at: _yard_point (res://br/city_builder.gd:566)
SCRIPT ERROR: Invalid call. Nonexistent function 'new' in base 'GDScript'.
          at: _spawn_npcs (res://br/world.gd:153)
[AUTOTEST] движение W: velocity*fwd=3.90000009536743
SCRIPT ERROR: Invalid call. Nonexistent function 'new' in base 'GDScript'.
          at: spawn_car (res://br/world.gd:137)
[AUTOTEST] геометрия: поверхностей=115 треугольников=46220 битых индексов=0
[AUTOTEST] FAIL: cars=0
ERROR: Parameter "m" is null.
   at: mesh_get_surface_count (servers/rendering/dummy/storage/mesh_storage.h:120)
