Godot Engine v4.3.stable.official.77dcf97d8 - https://godotengine.org
WARNING: Could not set V-Sync mode, as changing V-Sync mode is not supported by the graphics driver.
     at: set_use_vsync (platform/linuxbsd/x11/gl_manager_x11.cpp:360)
OpenGL API 4.5 (Core Profile) Mesa 25.2.8-0ubuntu0.24.04.2 - Compatibility - Using Device: Mesa - llvmpipe (LLVM 20.1.2, 256 bits)
libpulse.so.0: cannot open shared object file: No such file or directory
libpulse.so.0: cannot open shared object file: No such file or directory
ALSA lib confmisc.c:855:(parse_card) cannot find card '0'
ALSA lib conf.c:5208:(_snd_config_evaluate) function snd_func_card_inum returned error: No such file or directory
ALSA lib confmisc.c:422:(snd_func_concat) error evaluating strings
ALSA lib conf.c:5208:(_snd_config_evaluate) function snd_func_concat returned error: No such file or directory
ALSA lib confmisc.c:1342:(snd_func_refer) error evaluating name
ALSA lib conf.c:5208:(_snd_config_evaluate) function snd_func_refer returned error: No such file or directory
ALSA lib conf.c:5731:(snd_config_expand) Evaluate error: No such file or directory
ALSA lib pcm.c:2721:(snd_pcm_open_noupdate) Unknown PCM default
ERROR: Condition "status < 0" is true. Returning: ERR_CANT_OPEN
   at: init_output_device (drivers/alsa/audio_driver_alsa.cpp:90)
WARNING: All audio drivers failed, falling back to the dummy driver.
     at: initialize (servers/audio_server.cpp:247)

[AUTOTEST] start mode=shot
ERROR: No loader found for resource: res://models/Textures/colormap.png (expected type: )
   at: _load (core/io/resource_loader.cpp:291)
ERROR: No loader found for resource: res://models/Textures/colormap.png (expected type: )
   at: _load (core/io/resource_loader.cpp:291)
ERROR: No loader found for resource: res://models/Textures/colormap.png (expected type: )
   at: _load (core/io/resource_loader.cpp:291)
ERROR: No loader found for resource: res://models/Textures/colormap.png (expected type: )
   at: _load (core/io/resource_loader.cpp:291)
ERROR: No loader found for resource: res://models/Textures/colormap.png (expected type: )
   at: _load (core/io/resource_loader.cpp:291)
ERROR: No loader found for resource: res://models/Textures/colormap.png (expected type: )
   at: _load (core/io/resource_loader.cpp:291)
ERROR: No loader found for resource: res://models/Textures/colormap.png (expected type: )
   at: _load (core/io/resource_loader.cpp:291)
ERROR: No loader found for resource: res://models/Textures/colormap.png (expected type: )
   at: _load (core/io/resource_loader.cpp:291)
ERROR: No loader found for resource: res://models/Textures/colormap.png (expected type: )
   at: _load (core/io/resource_loader.cpp:291)
ERROR: No loader found for resource: res://models/Textures/colormap.png (expected type: )
   at: _load (core/io/resource_loader.cpp:291)
ERROR: No loader found for resource: res://models/Textures/colormap.png (expected type: )
   at: _load (core/io/resource_loader.cpp:291)
ERROR: No loader found for resource: res://models/Textures/colormap.png (expected type: )
   at: _load (core/io/resource_loader.cpp:291)
ERROR: No loader found for resource: res://models/Textures/colormap.png (expected type: )
   at: _load (core/io/resource_loader.cpp:291)
ERROR: No loader found for resource: res://models/Textures/colormap.png (expected type: )
   at: _load (core/io/resource_loader.cpp:291)
ERROR: No loader found for resource: res://models/Textures/colormap.png (expected type: )
   at: _load (core/io/resource_loader.cpp:291)
ERROR: No loader found for resource: res://models/Textures/colormap.png (expected type: )
   at: _load (core/io/resource_loader.cpp:291)
ERROR: No loader found for resource: res://models/Textures/colormap.png (expected type: )
   at: _load (core/io/resource_loader.cpp:291)
ERROR: No loader found for resource: res://models/Textures/colormap.png (expected type: )
   at: _load (core/io/resource_loader.cpp:291)
ERROR: No loader found for resource: res://models/Textures/colormap.png (expected type: )
   at: _load (core/io/resource_loader.cpp:291)
ERROR: No loader found for resource: res://models/Textures/colormap.png (expected type: )
   at: _load (core/io/resource_loader.cpp:291)
ERROR: No loader found for resource: res://models/Textures/colormap.png (expected type: )
   at: _load (core/io/resource_loader.cpp:291)
[GEO] Geo0 aabb_pos=(-451, -0.2, -451) aabb_size=(902, 0.25, 902)
[BAD] Geo0 worst_dev=451
[GEO] Geo1 aabb_pos=(-391, -0.2, -391) aabb_size=(782, 0.225, 782)
[BAD] Geo1 worst_dev=391
[GEO] Geo2 aabb_pos=(-385.15, 0, -385.15) aabb_size=(770.3, 0.02, 770.3)
[BAD] Geo2 worst_dev=385.149993896484
[GEO] Geo3 aabb_pos=(-391.425, -0.055, -391.425) aabb_size=(782.85, 0.35, 782.85)
[BAD] Geo3 worst_dev=391.424987792969
[GEO] Geo4 aabb_pos=(-379, -0.2, -379) aabb_size=(758, 0.2, 758)
[BAD] Geo4 worst_dev=379
[GEO] Geo5 aabb_pos=(-376, 0, -376) aabb_size=(747, 14.9, 752)
[BAD] Geo5 worst_dev=376
[GEO] Geo6 aabb_pos=(-376.225, 0, -376.225) aabb_size=(752.45, 47.65, 752.45)
[BAD] Geo6 worst_dev=376.225006103516
[GEO] Geo7 aabb_pos=(-376.15, 0, -376.15) aabb_size=(752.3, 1, 752.3)
[BAD] Geo7 worst_dev=376.149993896484
[GEO] Geo8 aabb_pos=(-376.225, 14.4, -376.225) aabb_size=(752.45, 31.3, 752.45)
[BAD] Geo8 worst_dev=376.225006103516
[GEO] Geo9 aabb_pos=(-376.175, 15, -376.175) aabb_size=(752.35, 31.3, 752.35)
[BAD] Geo9 worst_dev=376.174987792969
[GEO] Geo10 aabb_pos=(-373.0623, 15.25, -371.1325) aabb_size=(746.4028, 32.4, 743.7021)
[BAD] Geo10 worst_dev=373.340454101562
[GEO] Geo11 aabb_pos=(-373.57, 15, -365.13) aabb_size=(739.3, 31.7, 737.86)
[BAD] Geo11 worst_dev=373.570007324219
[GEO] Geo12 aabb_pos=(-377.195, 13.09, -377.195) aabb_size=(754.39, 35.16, 754.39)
[GEO] Geo13 aabb_pos=(-378.37, 13.22, -377.695) aabb_size=(756.74, 36, 755.39)
[GEO] Geo14 aabb_pos=(-377.65, 10.03, -377.65) aabb_size=(755.3, 15.54, 755.3)
[GEO] Geo15 aabb_pos=(-377.295, 7.6, -377.295) aabb_size=(754.59, 17.9, 754.59)
[GEO] Geo16 aabb_pos=(-376.22, 7.55, -376.22) aabb_size=(752.44, 18.4, 752.44)
[GEO] Geo17 aabb_pos=(-376, 0, -375.1313) aabb_size=(752, 14.9, 641.1312)
[GEO] Geo18 aabb_pos=(-376.75, 9.049999, -376.75) aabb_size=(753.5, 48, 726.59)
[GEO] Geo19 aabb_pos=(-377.02, 19.26, -377.02) aabb_size=(754.04, 38.02, 727.06)
[GEO] Geo20 aabb_pos=(-370.959, 0, -370.4113) aabb_size=(735.1758, 2.2, 741.4617)
[GEO] Geo21 aabb_pos=(-372.481, 1.4, -371.198) aabb_size=(732.2382, 3.8, 735.2173)
[GEO] Geo22 aabb_pos=(-371.931, 1.4, -369.5813) aabb_size=(725.3162, 3.8, 741.6659)
[GEO] Geo23 aabb_pos=(-370.695, 1.4, -371.6743) aabb_size=(736.3918, 3.8, 743.9877)
[GEO] Geo24 aabb_pos=(-369.426, -0.005, -370.1617) aabb_size=(718.3523, 0.45, 739.8567)
[GEO] Geo25 aabb_pos=(-339.1437, 0, -351.1405) aabb_size=(709.062, 1.1, 712.3779)
[GEO] Geo26 aabb_pos=(-372.2309, 0, -367.3848) aabb_size=(707.1593, 2.1, 705.4846)
[GEO] Geo27 aabb_pos=(-367.2791, 0, -367.4148) aabb_size=(701.3105, 2.4, 702.549)
[GEO] Geo28 aabb_pos=(-354.5479, 0, -357.4289) aabb_size=(553.9335, 0.7, 498.2776)
[GEO] Geo29 aabb_pos=(-371.7688, 0, -359.0891) aabb_size=(404.5475, 0.7, 692.9607)
[GEO] Geo30 aabb_pos=(-293.6172, 0, -363.4703) aabb_size=(609.0469, 0.7, 692.2677)
[GEO] Geo31 aabb_pos=(-339.1768, 0, -324.1928) aabb_size=(633.527, 0.7, 404.3461)
[GEO] Geo32 aabb_pos=(-370, 0, -266) aabb_size=(306, 34.5, 384)
[GEO] Geo33 aabb_pos=(-364.05, 26.6, -355.65) aabb_size=(718.7145, 20, 703.3)
[GEO] Geo34 aabb_pos=(-354.1977, 0, -236.547) aabb_size=(713.8123, 26.1, 267.0031)
[GEO] Geo35 aabb_pos=(-327.5706, 0, -293.6714) aabb_size=(653.6165, 0.7, 509.8568)
[GEO] Geo36 aabb_pos=(-322.7559, 0, -239.005) aabb_size=(326.8033, 0.7, 541.7153)
[GEO] Geo37 aabb_pos=(-366.9993, 0, -226.4308) aabb_size=(672.7198, 0.7, 570.1893)
[GEO] Geo38 aabb_pos=(-307.0132, 0, -250.1243) aabb_size=(0.924866, 0.7, 1.531311)
[GEO] Geo39 aabb_pos=(-308.8351, 0, -300.416) aabb_size=(447.7754, 0.7, 159.0892)
[GEO] Geo40 aabb_pos=(-298, 0, -376) aabb_size=(668, 14.9, 305.1039)
[GEO] Geo41 aabb_pos=(-329.8253, 0, -234.2149) aabb_size=(684.3007, 0.7, 570.8058)
[GEO] Geo42 aabb_pos=(-353.1435, 0, -325.6411) aabb_size=(551.0096, 0.7, 655.9623)
[GEO] Geo43 aabb_pos=(-306.6553, 0, -71.48741) aabb_size=(600.842, 0.7, 388.5992)
[GEO] Geo44 aabb_pos=(-332.8163, 0, -361.7032) aabb_size=(666.9409, 0.7, 511.0527)
[GEO] Geo45 aabb_pos=(-345, 0, -307) aabb_size=(690, 26.1, 678)
[GEO] Geo46 aabb_pos=(-345.25, 6.9, -307.25) aabb_size=(690.5, 32.55, 678.5)
[GEO] Geo47 aabb_pos=(-376, 0, 64) aabb_size=(642, 40.1, 270)
[GEO] Geo48 aabb_pos=(-376, -0.000001, 118) aabb_size=(16, 28.9, 32)
[GEO] Geo49 aabb_pos=(-330.4881, 0, -325.4545) aabb_size=(476.5919, 26.1, 669.4811)
[GEO] Geo50 aabb_pos=(-341.3836, 0, -349.6231) aabb_size=(359.4624, 3, 490.1327)
[GEO] Geo51 aabb_pos=(-340.4768, 0, 37.02351) aabb_size=(538.9377, 0.7, 97.45679)
[GEO] Geo52 aabb_pos=(-346.0276, 0, -107.5821) aabb_size=(537.6676, 0.7, 423.6815)
[GEO] Geo53 aabb_pos=(-370, 0, -156) aabb_size=(746, 14.9, 416)
[GEO] Geo54 aabb_pos=(-343.2432, 0, -107.2851) aabb_size=(101.9635, 0.7, 333.6713)
[GEO] Geo55 aabb_pos=(-319.8774, 0, -9.892817) aabb_size=(636.3732, 0.7, 247.1979)
[GEO] Geo56 aabb_pos=(-343.5757, 0, -198.6721) aabb_size=(713.4843, 0.7, 378.9472)
[GEO] Geo57 aabb_pos=(-266, 0, -376) aabb_size=(642, 14.9, 752)
[GEO] Geo58 aabb_pos=(-237.0496, 0, -362.8494) aabb_size=(1.267578, 0.7, 1.594116)
[GEO] Geo59 aabb_pos=(-263, 0, -255) aabb_size=(86, 10.5, 26)
[GEO] Geo60 aabb_pos=(-264.56, 0, -264.56) aabb_size=(89.12, 1.1, 89.12)
[GEO] Geo61 aabb_pos=(-237.4082, 0, -332.8541) aabb_size=(585.661, 3, 693.9232)
[GEO] Geo62 aabb_pos=(-232.5408, 0, -137.0315) aabb_size=(245.619, 0.7, 505.5338)
[GEO] Geo63 aabb_pos=(-250.0465, 0, -74.30549) aabb_size=(235.3637, 0.7, 217.1512)
[GEO] Geo64 aabb_pos=(-219.0386, 0, -142.1263) aabb_size=(110.8977, 0.7, 22.47478)
[GEO] Geo65 aabb_pos=(-231.4973, 0, -21.91637) aabb_size=(20, 40.1, 16.47105)
[GEO] Geo66 aabb_pos=(-233.7239, 0, -7.48225) aabb_size=(20, 45.7, 16.31661)
[GEO] Geo67 aabb_pos=(-241.4944, 0, -296.1398) aabb_size=(604.7629, 0.7, 476.0789)
[GEO] Geo68 aabb_pos=(-242.5451, 0, -140.226) aabb_size=(375.9467, 0.7, 172.9446)
[GEO] Geo69 aabb_pos=(-217.4588, 0, -370.2101) aabb_size=(96.17287, 0.7, 396.1161)
[GEO] Geo70 aabb_pos=(-264.0512, 0, 64) aabb_size=(44, 34.5, 16)
[GEO] Geo71 aabb_pos=(-266, 0, -314.7735) aabb_size=(514.6732, 26.1, 447.8781)
[GEO] Geo72 aabb_pos=(-266, 0, 65.59681) aabb_size=(16, 40.1, 40)
[GEO] Geo73 aabb_pos=(-236.044, 0, 106.2074) aabb_size=(203.2567, 0.7, 232.6902)
[GEO] Geo74 aabb_pos=(-211.3656, 0, -116.1303) aabb_size=(507.2359, 0.7, 233.4802)
[GEO] Geo75 aabb_pos=(-183.8897, 0, -334.1893) aabb_size=(422.8499, 0.7, 688.8086)
[GEO] Geo76 aabb_pos=(-266, -0.2, 174) aabb_size=(92, 0.2, 92)
[GEO] Geo77 aabb_pos=(-261, 0, 208.7) aabb_size=(46, 3, 22.60001)
[GEO] Geo78 aabb_pos=(-251, 0, 208.7) aabb_size=(46, 3, 22.60001)
[GEO] Geo79 aabb_pos=(-241, 0, 208.7) aabb_size=(46, 3, 22.60001)
[GEO] Geo80 aabb_pos=(-231, 0, 208.7) aabb_size=(46, 3, 22.60001)
[GEO] Geo81 aabb_pos=(-190, 0, -46) aabb_size=(412.4232, 26.1, 380)
[GEO] Geo82 aabb_pos=(-190, 0, 338) aabb_size=(16, 14.9, 32)
[GEO] Geo83 aabb_pos=(-244.3042, 0, -330.9068) aabb_size=(451.1458, 0.7, 690.0075)
[GEO] Geo84 aabb_pos=(-213.1102, 0, -14.34183) aabb_size=(335.5956, 0.7, 319.5392)
[GEO] Geo85 aabb_pos=(-102.9021, 0, -359.7956) aabb_size=(20, 34.5, 16.87256)
[GEO] Geo86 aabb_pos=(-100.1262, 0, -358.7625) aabb_size=(20, 34.5, 16.90265)
[GEO] Geo87 aabb_pos=(-129.7043, 0, -338.7684) aabb_size=(274.3678, 3, 358.3166)
[GEO] Geo88 aabb_pos=(-108.3754, 0, -291.6701) aabb_size=(225.3773, 0.7, 107.9709)
[GEO] Geo89 aabb_pos=(-156, 0, -302) aabb_size=(458, 26.1, 310)
[GEO] Geo90 aabb_pos=(-156, 0, -212) aabb_size=(14, 17.7, 32)
[GEO] Geo91 aabb_pos=(-98, 0, -266) aabb_size=(28, 28.9, 18)
[GEO] Geo92 aabb_pos=(-109.4717, 0, -218.9064) aabb_size=(255.5103, 0.7, 257.0708)
[GEO] Geo93 aabb_pos=(-142.5762, 0, -197.7023) aabb_size=(262.2894, 0.7, 89.91651)
[GEO] Geo94 aabb_pos=(-104.765, 0, -223.0809) aabb_size=(257.3544, 0.7, 368.5723)
[GEO] Geo95 aabb_pos=(-155.9557, 0, -156) aabb_size=(48, 34.5, 16)
[GEO] Geo96 aabb_pos=(-103.9557, 0, -156) aabb_size=(32, 26.1, 16)
[GEO] Geo97 aabb_pos=(-80, 0, -155.3595) aabb_size=(16, 34.5, 84)
[GEO] Geo98 aabb_pos=(-147.884, 0, -333.6772) aabb_size=(220.9559, 0.7, 199.7193)
[GEO] Geo99 aabb_pos=(-142.5103, 0, -93.80833) aabb_size=(1.333374, 0.7, 1.562424)
[GEO] Geo100 aabb_pos=(-150, 0, 32) aabb_size=(80, 17.7, 14)
[GEO] Geo101 aabb_pos=(-82, 0, -40) aabb_size=(18, 20.5, 80)
[GEO] Geo102 aabb_pos=(-143.1163, 0, 34.8023) aabb_size=(1.318878, 0.7, 1.556885)
[GEO] Geo103 aabb_pos=(-128.0886, 0, -199.9982) aabb_size=(267.1928, 0.7, 352.2028)
[GEO] Geo104 aabb_pos=(-82, 0, 122) aabb_size=(18, 28.9, 28)
[GEO] Geo105 aabb_pos=(-98.65318, 0, -91.76719) aabb_size=(230.7479, 34.5, 192.5649)
[GEO] Geo106 aabb_pos=(-147.194, 0, 75.54281) aabb_size=(29.2989, 0.7, 61.97765)
[GEO] Geo107 aabb_pos=(-125, 0, 245) aabb_size=(30, 5.2, 18)
[GEO] Geo108 aabb_pos=(-128.0459, 0, 308.7198) aabb_size=(24, 26.1, 19.67114)
[GEO] Geo109 aabb_pos=(-113.9444, 0, 311.9375) aabb_size=(329.375, 26.1, 43.62354)
[GEO] Geo110 aabb_pos=(-112.3092, 0, -259.6385) aabb_size=(474.1238, 0.7, 588.4423)
[GEO] Geo111 aabb_pos=(-87.64604, 0, -288.798) aabb_size=(200.4692, 0.7, 616.5956)
[GEO] Geo112 aabb_pos=(7.359512, 0, -302) aabb_size=(32, 20.5, 18)
[GEO] Geo113 aabb_pos=(-36.52143, 0, -347.902) aabb_size=(267.3157, 0.7, 46.02979)
[GEO] Geo114 aabb_pos=(-3.465376, 0, -335.0412) aabb_size=(190.9406, 0.7, 631.7608)
[GEO] Geo115 aabb_pos=(-46, 0, -260) aabb_size=(16, 40.1, 80)
[GEO] Geo116 aabb_pos=(8.441666, 0, -253.9464) aabb_size=(20, 34.5, 16)
[GEO] Geo117 aabb_pos=(32.58582, 0, -235.173) aabb_size=(1.192894, 0.7, 1.396057)
[GEO] Geo118 aabb_pos=(-46, 0, -150) aabb_size=(196, 20.5, 120)
[GEO] Geo119 aabb_pos=(-40, 0, -156) aabb_size=(80, 17.7, 312)
[GEO] Geo120 aabb_pos=(31.13421, 0, -142.8687) aabb_size=(1.049417, 0.7, 0.94397)
[GEO] Geo121 aabb_pos=(-12.73499, 0, -100.1375) aabb_size=(113.6946, 0.7, 224.863)
[GEO] Geo122 aabb_pos=(-46, -0.2, -46) aabb_size=(92, 0.2, 92)
[GEO] Geo123 aabb_pos=(-15.42864, 0.025, -16.66576) aabb_size=(32.11155, 0.35, 32.81822)
[GEO] Geo124 aabb_pos=(-16.98295, 0.025, -16.69551) aabb_size=(33.57442, 0.35, 33.5602)
[GEO] Geo125 aabb_pos=(-16.17579, 0.025, -16.90852) aabb_size=(32.44563, 0.35, 32.12575)
[GEO] Geo126 aabb_pos=(32, 0, 70) aabb_size=(14, 23.3, 80)
[GEO] Geo127 aabb_pos=(-13, 0, 177.5) aabb_size=(26, 5.2, 13)
[GEO] Geo128 aabb_pos=(-13.3, 7.85, 177.2) aabb_size=(26.6, 0.3, 13.60001)
[GEO] Geo129 aabb_pos=(-37.35032, 0, -351.1907) aabb_size=(292.2206, 0.7, 646.1967)
[GEO] Geo130 aabb_pos=(-15.8054, 0, 338.1619) aabb_size=(1.04516, 0.7, 1.13446)
[GEO] Geo131 aabb_pos=(64, 0, -369.7042) aabb_size=(14, 14.9, 36)
[GEO] Geo132 aabb_pos=(101, 0, -261) aabb_size=(158.5, 4.6, 115.5)
[GEO] Geo133 aabb_pos=(78.44363, 0, -213.6101) aabb_size=(0.94635, 0.7, 1.363159)
[GEO] Geo134 aabb_pos=(131.8683, 0, -201.2279) aabb_size=(1.18222, 0.7, 0.92038)
[GEO] Geo135 aabb_pos=(126.9272, 0, -129.8581) aabb_size=(20, 26.1, 15.3381)
[GEO] Geo136 aabb_pos=(64, 0, -40) aabb_size=(16, 23.3, 80)
[GEO] Geo137 aabb_pos=(70, 0, 64) aabb_size=(122, 26.1, 312)
[GEO] Geo138 aabb_pos=(119, 0, 119) aabb_size=(37, 14.9, 37)
[GEO] Geo139 aabb_pos=(64, 0, 119) aabb_size=(14, 20.5, 32)
[GEO] Geo140 aabb_pos=(119.3431, 0, 139.9087) aabb_size=(1.352036, 0.7, 1.121094)
[GEO] Geo141 aabb_pos=(94.87718, 0, -200.7881) aabb_size=(214.4668, 0.7, 494.3415)
[GEO] Geo142 aabb_pos=(139.674, 0, 131.7695) aabb_size=(1.435181, 0.7, 1.479767)
[GEO] Geo143 aabb_pos=(122, 0, 122) aabb_size=(70, 17.7, 254)
[GEO] Geo144 aabb_pos=(121.4422, 0, 302.0948) aabb_size=(101.8286, 0.7, 19.72421)
[GEO] Geo145 aabb_pos=(90.17003, 0, -27.29953) aabb_size=(272.5581, 0.7, 318.1205)
[GEO] Geo146 aabb_pos=(250, 0, -370) aabb_size=(16, 40.1, 48)
[GEO] Geo147 aabb_pos=(250, -0.000001, -318) aabb_size=(16, 31.7, 28)
[GEO] Geo148 aabb_pos=(192.2416, 0, -326.3503) aabb_size=(1.196472, 0.7, 1.072327)
[GEO] Geo149 aabb_pos=(204.0867, 0, -323.5567) aabb_size=(1.046509, 0.7, 1.282593)
[GEO] Geo150 aabb_pos=(174, 0, -260) aabb_size=(18, 26.1, 44)
[GEO] Geo151 aabb_pos=(174, 0, -212) aabb_size=(18, 20.5, 32)
[GEO] Geo152 aabb_pos=(197.9709, 0, -243.5999) aabb_size=(1.327087, 0.7, 1.279327)
[GEO] Geo153 aabb_pos=(194.759, 0, -181.1225) aabb_size=(1.518951, 0.7, 1.33847)
[GEO] Geo154 aabb_pos=(211.8, 0, -106.2) aabb_size=(16.39999, 5, 8.399994)
[GEO] Geo155 aabb_pos=(210, 5, -108) aabb_size=(20, 0.4, 12)
[GEO] Geo156 aabb_pos=(214.6, 0, -102.25) aabb_size=(10.79999, 1.4, 0.5)
[GEO] Geo157 aabb_pos=(214.75, 0.825, -101.75) aabb_size=(10.5, 0.35, 0.059998)
[GEO] Geo158 aabb_pos=(252, 0, -42.20191) aabb_size=(14, 26.1, 48)
[GEO] Geo159 aabb_pos=(232, -0.000001, 64) aabb_size=(28, 31.7, 18)
[GEO] Geo160 aabb_pos=(200, 0, 224.5) aabb_size=(16, 0.08, 11)
[GEO] Geo161 aabb_pos=(199.0488, -0.075, 223.7437) aabb_size=(18.01793, 0.25, 12.39137)
[GEO] Geo162 aabb_pos=(248, -0.000001, 338) aabb_size=(18, 28.9, 32)
[GEO] Geo163 aabb_pos=(217.3654, 0, -183.3131) aabb_size=(146.8421, 0.7, 506.2197)
[GEO] Geo164 aabb_pos=(245.2993, 0, 301.4868) aabb_size=(1.53952, 0.7, 1.332581)
[GEO] Geo165 aabb_pos=(333.787, 0, -244.7522) aabb_size=(1.196106, 0.7, 1.563995)
[GEO] Geo166 aabb_pos=(284, 0, -150) aabb_size=(54, 26.1, 416)
[GEO] Geo167 aabb_pos=(284, 0, -98) aabb_size=(14, 20.5, 28)
[GEO] Geo168 aabb_pos=(284, 0, 12) aabb_size=(18, 20.5, 28)
[GEO] Geo169 aabb_pos=(315.7253, 0, -21.10957) aabb_size=(1.572937, 0.7, 1.411377)
[GEO] Geo170 aabb_pos=(342, 0, 250) aabb_size=(28, 17.7, 16)
[GEO] Geo171 aabb_pos=(330.2513, 0, 255.8058) aabb_size=(1.58075, 0.7, 1.281677)
[GEO] Geo172 aabb_pos=(-393.55, 0, -393.55) aabb_size=(785.3201, 6.4, 785.3201)
[GEO] Geo173 aabb_pos=(-393.75, 5.96, -393.75) aabb_size=(784.1, 0.18, 784.1)
[GEO] Geo174 aabb_pos=(-158.06, 0, -172.06) aabb_size=(330.12, 4, 330.12)
[GEO] Geo175 aabb_pos=(-158.4, 3.45, -172.15) aabb_size=(330.55, 0.9, 330.55)
[GEO] Geo176 aabb_pos=(-158.45, 4.05, -172.1) aabb_size=(330.06, 0.2, 330.2)
[GEO] Geo177 aabb_pos=(-158.45, 3.8, -172.1) aabb_size=(330.06, 0.2, 330.2)
[GEO] Geo178 aabb_pos=(-158.45, 3.55, -172.1) aabb_size=(330.06, 0.2, 330.2)
[GEO] Geo179 aabb_pos=(-158.1, 4.05, -171.61) aabb_size=(330.2, 0.2, 330.06)
[GEO] Geo180 aabb_pos=(-158.1, 3.8, -171.61) aabb_size=(330.2, 0.2, 330.06)
[GEO] Geo181 aabb_pos=(-158.1, 3.55, -171.61) aabb_size=(330.2, 0.2, 330.06)
[GEO] Geo182 aabb_pos=(-237.06, 0, -157.56) aabb_size=(374.12, 2.8, 440.12)
[GEO] Geo183 aabb_pos=(-237.5, 2.825, -158.5) aabb_size=(375, 0.15, 442)
[AUTOTEST] скриншоты готовы
ERROR: 1 RID allocations of type 'P11GodotBody3D' were leaked at exit.
ERROR: 1 RID allocations of type 'P12GodotShape3D' were leaked at exit.
ERROR: Pages in use exist at exit in PagedAllocator: N20RasterizerSceneGLES323GeometryInstanceSurfaceE
   at: ~PagedAllocator (./core/templates/paged_allocator.h:170)
ERROR: Pages in use exist at exit in PagedAllocator: N20RasterizerSceneGLES321GeometryInstanceGLES3E
   at: ~PagedAllocator (./core/templates/paged_allocator.h:170)
ERROR: 21 RID allocations of type 'N5GLES34MeshE' were leaked at exit.
WARNING: Leaked instance dependency: Bug - did not call instance_notify_deleted when freeing.
     at: ~Dependency (servers/rendering/storage/utilities.cpp:56)
WARNING: Leaked instance dependency: Bug - did not call instance_notify_deleted when freeing.
     at: ~Dependency (servers/rendering/storage/utilities.cpp:56)
WARNING: Leaked instance dependency: Bug - did not call instance_notify_deleted when freeing.
     at: ~Dependency (servers/rendering/storage/utilities.cpp:56)
WARNING: Leaked instance dependency: Bug - did not call instance_notify_deleted when freeing.
     at: ~Dependency (servers/rendering/storage/utilities.cpp:56)
WARNING: Leaked instance dependency: Bug - did not call instance_notify_deleted when freeing.
     at: ~Dependency (servers/rendering/storage/utilities.cpp:56)
WARNING: Leaked instance dependency: Bug - did not call instance_notify_deleted when freeing.
     at: ~Dependency (servers/rendering/storage/utilities.cpp:56)
WARNING: Leaked instance dependency: Bug - did not call instance_notify_deleted when freeing.
     at: ~Dependency (servers/rendering/storage/utilities.cpp:56)
WARNING: Leaked instance dependency: Bug - did not call instance_notify_deleted when freeing.
     at: ~Dependency (servers/rendering/storage/utilities.cpp:56)
WARNING: Leaked instance dependency: Bug - did not call instance_notify_deleted when freeing.
     at: ~Dependency (servers/rendering/storage/utilities.cpp:56)
WARNING: Leaked instance dependency: Bug - did not call instance_notify_deleted when freeing.
     at: ~Dependency (servers/rendering/storage/utilities.cpp:56)
WARNING: Leaked instance dependency: Bug - did not call instance_notify_deleted when freeing.
     at: ~Dependency (servers/rendering/storage/utilities.cpp:56)
WARNING: Leaked instance dependency: Bug - did not call instance_notify_deleted when freeing.
     at: ~Dependency (servers/rendering/storage/utilities.cpp:56)
WARNING: Leaked instance dependency: Bug - did not call instance_notify_deleted when freeing.
     at: ~Dependency (servers/rendering/storage/utilities.cpp:56)
WARNING: Leaked instance dependency: Bug - did not call instance_notify_deleted when freeing.
     at: ~Dependency (servers/rendering/storage/utilities.cpp:56)
WARNING: Leaked instance dependency: Bug - did not call instance_notify_deleted when freeing.
     at: ~Dependency (servers/rendering/storage/utilities.cpp:56)
WARNING: Leaked instance dependency: Bug - did not call instance_notify_deleted when freeing.
     at: ~Dependency (servers/rendering/storage/utilities.cpp:56)
WARNING: Leaked instance dependency: Bug - did not call instance_notify_deleted when freeing.
     at: ~Dependency (servers/rendering/storage/utilities.cpp:56)
WARNING: Leaked instance dependency: Bug - did not call instance_notify_deleted when freeing.
     at: ~Dependency (servers/rendering/storage/utilities.cpp:56)
WARNING: Leaked instance dependency: Bug - did not call instance_notify_deleted when freeing.
     at: ~Dependency (servers/rendering/storage/utilities.cpp:56)
WARNING: Leaked instance dependency: Bug - did not call instance_notify_deleted when freeing.
     at: ~Dependency (servers/rendering/storage/utilities.cpp:56)
WARNING: Leaked instance dependency: Bug - did not call instance_notify_deleted when freeing.
     at: ~Dependency (servers/rendering/storage/utilities.cpp:56)
ERROR: 1 shaders of type SceneShaderGLES3 were never freed
   at: ~ShaderGLES3 (drivers/gles3/shader_gles3.cpp:835)
ERROR: 21 RID allocations of type 'N5GLES38MaterialE' were leaked at exit.
WARNING: Leaked instance dependency: Bug - did not call instance_notify_deleted when freeing.
     at: ~Dependency (servers/rendering/storage/utilities.cpp:56)
WARNING: Leaked instance dependency: Bug - did not call instance_notify_deleted when freeing.
     at: ~Dependency (servers/rendering/storage/utilities.cpp:56)
WARNING: Leaked instance dependency: Bug - did not call instance_notify_deleted when freeing.
     at: ~Dependency (servers/rendering/storage/utilities.cpp:56)
WARNING: Leaked instance dependency: Bug - did not call instance_notify_deleted when freeing.
     at: ~Dependency (servers/rendering/storage/utilities.cpp:56)
WARNING: Leaked instance dependency: Bug - did not call instance_notify_deleted when freeing.
     at: ~Dependency (servers/rendering/storage/utilities.cpp:56)
WARNING: Leaked instance dependency: Bug - did not call instance_notify_deleted when freeing.
     at: ~Dependency (servers/rendering/storage/utilities.cpp:56)
WARNING: Leaked instance dependency: Bug - did not call instance_notify_deleted when freeing.
     at: ~Dependency (servers/rendering/storage/utilities.cpp:56)
WARNING: Leaked instance dependency: Bug - did not call instance_notify_deleted when freeing.
     at: ~Dependency (servers/rendering/storage/utilities.cpp:56)
WARNING: Leaked instance dependency: Bug - did not call instance_notify_deleted when freeing.
     at: ~Dependency (servers/rendering/storage/utilities.cpp:56)
WARNING: Leaked instance dependency: Bug - did not call instance_notify_deleted when freeing.
     at: ~Dependency (servers/rendering/storage/utilities.cpp:56)
WARNING: Leaked instance dependency: Bug - did not call instance_notify_deleted when freeing.
     at: ~Dependency (servers/rendering/storage/utilities.cpp:56)
WARNING: Leaked instance dependency: Bug - did not call instance_notify_deleted when freeing.
     at: ~Dependency (servers/rendering/storage/utilities.cpp:56)
WARNING: Leaked instance dependency: Bug - did not call instance_notify_deleted when freeing.
     at: ~Dependency (servers/rendering/storage/utilities.cpp:56)
WARNING: Leaked instance dependency: Bug - did not call instance_notify_deleted when freeing.
     at: ~Dependency (servers/rendering/storage/utilities.cpp:56)
WARNING: Leaked instance dependency: Bug - did not call instance_notify_deleted when freeing.
     at: ~Dependency (servers/rendering/storage/utilities.cpp:56)
WARNING: Leaked instance dependency: Bug - did not call instance_notify_deleted when freeing.
     at: ~Dependency (servers/rendering/storage/utilities.cpp:56)
WARNING: Leaked instance dependency: Bug - did not call instance_notify_deleted when freeing.
     at: ~Dependency (servers/rendering/storage/utilities.cpp:56)
WARNING: Leaked instance dependency: Bug - did not call instance_notify_deleted when freeing.
     at: ~Dependency (servers/rendering/storage/utilities.cpp:56)
WARNING: Leaked instance dependency: Bug - did not call instance_notify_deleted when freeing.
     at: ~Dependency (servers/rendering/storage/utilities.cpp:56)
WARNING: Leaked instance dependency: Bug - did not call instance_notify_deleted when freeing.
     at: ~Dependency (servers/rendering/storage/utilities.cpp:56)
WARNING: Leaked instance dependency: Bug - did not call instance_notify_deleted when freeing.
     at: ~Dependency (servers/rendering/storage/utilities.cpp:56)
ERROR: 1 RID allocations of type 'N5GLES36ShaderE' were leaked at exit.
ERROR: 21 RID allocations of type 'N5GLES37TextureE' were leaked at exit.
ERROR: Texture with GL ID of 110: leaked 1398100 bytes.
   at: ~Utilities (drivers/gles3/storage/utilities.cpp:79)
ERROR: Texture with GL ID of 97: leaked 1398100 bytes.
   at: ~Utilities (drivers/gles3/storage/utilities.cpp:79)
ERROR: Texture with GL ID of 108: leaked 1398100 bytes.
   at: ~Utilities (drivers/gles3/storage/utilities.cpp:79)
ERROR: Texture with GL ID of 122: leaked 1398100 bytes.
   at: ~Utilities (drivers/gles3/storage/utilities.cpp:79)
ERROR: Texture with GL ID of 128: leaked 1398100 bytes.
   at: ~Utilities (drivers/gles3/storage/utilities.cpp:79)
ERROR: Texture with GL ID of 133: leaked 1398100 bytes.
   at: ~Utilities (drivers/gles3/storage/utilities.cpp:79)
ERROR: Texture with GL ID of 169: leaked 1398100 bytes.
   at: ~Utilities (drivers/gles3/storage/utilities.cpp:79)
ERROR: Texture with GL ID of 176: leaked 1398100 bytes.
   at: ~Utilities (drivers/gles3/storage/utilities.cpp:79)
ERROR: Texture with GL ID of 188: leaked 1398100 bytes.
   at: ~Utilities (drivers/gles3/storage/utilities.cpp:79)
ERROR: Texture with GL ID of 191: leaked 1398100 bytes.
   at: ~Utilities (drivers/gles3/storage/utilities.cpp:79)
ERROR: Texture with GL ID of 208: leaked 1398100 bytes.
   at: ~Utilities (drivers/gles3/storage/utilities.cpp:79)
ERROR: Texture with GL ID of 213: leaked 1398100 bytes.
   at: ~Utilities (drivers/gles3/storage/utilities.cpp:79)
ERROR: Texture with GL ID of 222: leaked 1398100 bytes.
   at: ~Utilities (drivers/gles3/storage/utilities.cpp:79)
ERROR: Texture with GL ID of 223: leaked 1398100 bytes.
   at: ~Utilities (drivers/gles3/storage/utilities.cpp:79)
ERROR: Texture with GL ID of 224: leaked 1398100 bytes.
   at: ~Utilities (drivers/gles3/storage/utilities.cpp:79)
ERROR: Texture with GL ID of 225: leaked 1398100 bytes.
   at: ~Utilities (drivers/gles3/storage/utilities.cpp:79)
ERROR: Texture with GL ID of 226: leaked 1398100 bytes.
   at: ~Utilities (drivers/gles3/storage/utilities.cpp:79)
ERROR: Texture with GL ID of 229: leaked 1398100 bytes.
   at: ~Utilities (drivers/gles3/storage/utilities.cpp:79)
ERROR: Texture with GL ID of 234: leaked 1398100 bytes.
   at: ~Utilities (drivers/gles3/storage/utilities.cpp:79)
ERROR: Texture with GL ID of 237: leaked 1398100 bytes.
   at: ~Utilities (drivers/gles3/storage/utilities.cpp:79)
ERROR: Texture with GL ID of 238: leaked 1398100 bytes.
   at: ~Utilities (drivers/gles3/storage/utilities.cpp:79)
ERROR: Buffer with GL ID of 28: leaked 8544 bytes.
   at: ~Utilities (drivers/gles3/storage/utilities.cpp:110)
ERROR: Buffer with GL ID of 29: leaked 2848 bytes.
   at: ~Utilities (drivers/gles3/storage/utilities.cpp:110)
ERROR: Buffer with GL ID of 30: leaked 2280 bytes.
   at: ~Utilities (drivers/gles3/storage/utilities.cpp:110)
ERROR: Buffer with GL ID of 33: leaked 8544 bytes.
   at: ~Utilities (drivers/gles3/storage/utilities.cpp:110)
ERROR: Buffer with GL ID of 34: leaked 2848 bytes.
   at: ~Utilities (drivers/gles3/storage/utilities.cpp:110)
ERROR: Buffer with GL ID of 35: leaked 2280 bytes.
   at: ~Utilities (drivers/gles3/storage/utilities.cpp:110)
ERROR: Buffer with GL ID of 36: leaked 8544 bytes.
   at: ~Utilities (drivers/gles3/storage/utilities.cpp:110)
ERROR: Buffer with GL ID of 37: leaked 2848 bytes.
   at: ~Utilities (drivers/gles3/storage/utilities.cpp:110)
ERROR: Buffer with GL ID of 38: leaked 2280 bytes.
   at: ~Utilities (drivers/gles3/storage/utilities.cpp:110)
ERROR: Buffer with GL ID of 39: leaked 8544 bytes.
   at: ~Utilities (drivers/gles3/storage/utilities.cpp:110)
ERROR: Buffer with GL ID of 40: leaked 2848 bytes.
   at: ~Utilities (drivers/gles3/storage/utilities.cpp:110)
ERROR: Buffer with GL ID of 41: leaked 2280 bytes.
   at: ~Utilities (drivers/gles3/storage/utilities.cpp:110)
ERROR: Buffer with GL ID of 42: leaked 8544 bytes.
   at: ~Utilities (drivers/gles3/storage/utilities.cpp:110)
ERROR: Buffer with GL ID of 43: leaked 2848 bytes.
   at: ~Utilities (drivers/gles3/storage/utilities.cpp:110)
ERROR: Buffer with GL ID of 44: leaked 2280 bytes.
   at: ~Utilities (drivers/gles3/storage/utilities.cpp:110)
ERROR: Buffer with GL ID of 45: leaked 8544 bytes.
   at: ~Utilities (drivers/gles3/storage/utilities.cpp:110)
ERROR: Buffer with GL ID of 46: leaked 2848 bytes.
   at: ~Utilities (drivers/gles3/storage/utilities.cpp:110)
ERROR: Buffer with GL ID of 47: leaked 2280 bytes.
   at: ~Utilities (drivers/gles3/storage/utilities.cpp:110)
ERROR: Buffer with GL ID of 48: leaked 8544 bytes.
   at: ~Utilities (drivers/gles3/storage/utilities.cpp:110)
ERROR: Buffer with GL ID of 49: leaked 2848 bytes.
   at: ~Utilities (drivers/gles3/storage/utilities.cpp:110)
ERROR: Buffer with GL ID of 50: leaked 2280 bytes.
   at: ~Utilities (drivers/gles3/storage/utilities.cpp:110)
ERROR: Buffer with GL ID of 51: leaked 8544 bytes.
   at: ~Utilities (drivers/gles3/storage/utilities.cpp:110)
ERROR: Buffer with GL ID of 52: leaked 2848 bytes.
   at: ~Utilities (drivers/gles3/storage/utilities.cpp:110)
ERROR: Buffer with GL ID of 53: leaked 2280 bytes.
   at: ~Utilities (drivers/gles3/storage/utilities.cpp:110)
ERROR: Buffer with GL ID of 54: leaked 2976 bytes.
   at: ~Utilities (drivers/gles3/storage/utilities.cpp:110)
ERROR: Buffer with GL ID of 55: leaked 992 bytes.
   at: ~Utilities (drivers/gles3/storage/utilities.cpp:110)
ERROR: Buffer with GL ID of 56: leaked 912 bytes.
   at: ~Utilities (drivers/gles3/storage/utilities.cpp:110)
ERROR: Buffer with GL ID of 57: leaked 8544 bytes.
   at: ~Utilities (drivers/gles3/storage/utilities.cpp:110)
ERROR: Buffer with GL ID of 58: leaked 2848 bytes.
   at: ~Utilities (drivers/gles3/storage/utilities.cpp:110)
ERROR: Buffer with GL ID of 59: leaked 2280 bytes.
   at: ~Utilities (drivers/gles3/storage/utilities.cpp:110)
ERROR: Buffer with GL ID of 60: leaked 8544 bytes.
   at: ~Utilities (drivers/gles3/storage/utilities.cpp:110)
ERROR: Buffer with GL ID of 61: leaked 2848 bytes.
   at: ~Utilities (drivers/gles3/storage/utilities.cpp:110)
ERROR: Buffer with GL ID of 62: leaked 2280 bytes.
   at: ~Utilities (drivers/gles3/storage/utilities.cpp:110)
ERROR: Buffer with GL ID of 63: leaked 8544 bytes.
   at: ~Utilities (drivers/gles3/storage/utilities.cpp:110)
ERROR: Buffer with GL ID of 64: leaked 2848 bytes.
   at: ~Utilities (drivers/gles3/storage/utilities.cpp:110)
ERROR: Buffer with GL ID of 65: leaked 2280 bytes.
   at: ~Utilities (drivers/gles3/storage/utilities.cpp:110)
ERROR: Buffer with GL ID of 66: leaked 10608 bytes.
   at: ~Utilities (drivers/gles3/storage/utilities.cpp:110)
ERROR: Buffer with GL ID of 67: leaked 3536 bytes.
   at: ~Utilities (drivers/gles3/storage/utilities.cpp:110)
ERROR: Buffer with GL ID of 68: leaked 2832 bytes.
   at: ~Utilities (drivers/gles3/storage/utilities.cpp:110)
ERROR: Buffer with GL ID of 69: leaked 10608 bytes.
   at: ~Utilities (drivers/gles3/storage/utilities.cpp:110)
ERROR: Buffer with GL ID of 70: leaked 3536 bytes.
   at: ~Utilities (drivers/gles3/storage/utilities.cpp:110)
ERROR: Buffer with GL ID of 71: leaked 2832 bytes.
   at: ~Utilities (drivers/gles3/storage/utilities.cpp:110)
ERROR: Buffer with GL ID of 72: leaked 8544 bytes.
   at: ~Utilities (drivers/gles3/storage/utilities.cpp:110)
ERROR: Buffer with GL ID of 73: leaked 2848 bytes.
   at: ~Utilities (drivers/gles3/storage/utilities.cpp:110)
ERROR: Buffer with GL ID of 74: leaked 2280 bytes.
   at: ~Utilities (drivers/gles3/storage/utilities.cpp:110)
ERROR: Buffer with GL ID of 75: leaked 10608 bytes.
   at: ~Utilities (drivers/gles3/storage/utilities.cpp:110)
ERROR: Buffer with GL ID of 76: leaked 3536 bytes.
   at: ~Utilities (drivers/gles3/storage/utilities.cpp:110)
ERROR: Buffer with GL ID of 77: leaked 2832 bytes.
   at: ~Utilities (drivers/gles3/storage/utilities.cpp:110)
ERROR: Buffer with GL ID of 78: leaked 8544 bytes.
   at: ~Utilities (drivers/gles3/storage/utilities.cpp:110)
ERROR: Buffer with GL ID of 79: leaked 2848 bytes.
   at: ~Utilities (drivers/gles3/storage/utilities.cpp:110)
ERROR: Buffer with GL ID of 80: leaked 2280 bytes.
   at: ~Utilities (drivers/gles3/storage/utilities.cpp:110)
ERROR: Buffer with GL ID of 81: leaked 8544 bytes.
   at: ~Utilities (drivers/gles3/storage/utilities.cpp:110)
ERROR: Buffer with GL ID of 82: leaked 2848 bytes.
   at: ~Utilities (drivers/gles3/storage/utilities.cpp:110)
ERROR: Buffer with GL ID of 83: leaked 2280 bytes.
   at: ~Utilities (drivers/gles3/storage/utilities.cpp:110)
ERROR: Buffer with GL ID of 84: leaked 8544 bytes.
   at: ~Utilities (drivers/gles3/storage/utilities.cpp:110)
ERROR: Buffer with GL ID of 85: leaked 2848 bytes.
   at: ~Utilities (drivers/gles3/storage/utilities.cpp:110)
ERROR: Buffer with GL ID of 86: leaked 2280 bytes.
   at: ~Utilities (drivers/gles3/storage/utilities.cpp:110)
ERROR: Buffer with GL ID of 87: leaked 8544 bytes.
   at: ~Utilities (drivers/gles3/storage/utilities.cpp:110)
ERROR: Buffer with GL ID of 88: leaked 2848 bytes.
   at: ~Utilities (drivers/gles3/storage/utilities.cpp:110)
ERROR: Buffer with GL ID of 89: leaked 2280 bytes.
   at: ~Utilities (drivers/gles3/storage/utilities.cpp:110)
ERROR: Buffer with GL ID of 90: leaked 8544 bytes.
   at: ~Utilities (drivers/gles3/storage/utilities.cpp:110)
ERROR: Buffer with GL ID of 91: leaked 2848 bytes.
   at: ~Utilities (drivers/gles3/storage/utilities.cpp:110)
ERROR: Buffer with GL ID of 92: leaked 2280 bytes.
   at: ~Utilities (drivers/gles3/storage/utilities.cpp:110)
ERROR: 21 RID allocations of type 'N17RendererSceneCull8InstanceE' were leaked at exit.
WARNING: ObjectDB instances leaked at exit (run with --verbose for details).
     at: cleanup (core/object/object.cpp:2284)
